2026-06-11 16:10:15 [main] INFO  BaseClass - config.properties file loaded
2026-06-11 16:10:41 [main] INFO  BaseClass - Webdriver initialized and browser maximized
2026-06-11 16:10:41 [main] TRACE BaseClass - This is a trace message
2026-06-11 16:10:41 [main] WARN  BaseClass - This is a warn message
2026-06-11 16:10:41 [main] DEBUG BaseClass - This is a debug message
2026-06-11 16:10:41 [main] INFO  ActionDriver - Webdriver instance is created
2026-06-11 16:10:41 [main] INFO  BaseClass - ActionDriver instance is created
2026-06-11 16:10:41 [main] INFO  ActionDriver - clicked an element
2026-06-11 16:10:59 [main] INFO  BaseClass - Webdriver initialized and browser maximized
2026-06-11 16:10:59 [main] TRACE BaseClass - This is a trace message
2026-06-11 16:10:59 [main] WARN  BaseClass - This is a warn message
2026-06-11 16:10:59 [main] DEBUG BaseClass - This is a debug message
2026-06-11 16:10:59 [main] INFO  ActionDriver - Webdriver instance is created
2026-06-11 16:10:59 [main] INFO  BaseClass - ActionDriver instance is created
2026-06-11 16:11:02 [main] INFO  ActionDriver - clicked an element
2026-06-15 10:14:45 [main] INFO  BaseClass - config.properties file loaded
2026-06-15 10:15:07 [main] INFO  BaseClass - Chromedriver instance is created
2026-06-15 10:15:18 [main] INFO  BaseClass - Webdriver initialized and browser maximized
2026-06-15 10:15:18 [main] TRACE BaseClass - This is a trace message
2026-06-15 10:15:18 [main] WARN  BaseClass - This is a warn message
2026-06-15 10:15:18 [main] DEBUG BaseClass - This is a debug message
2026-06-15 10:15:18 [main] INFO  ActionDriver - WebDriver initialized
2026-06-15 10:15:19 [main] INFO  ActionDriver - Element entered
2026-06-15 10:15:19 [main] INFO  ActionDriver - Element entered
2026-06-15 10:15:19 [main] INFO  ActionDriver - Element clicked
2026-06-15 10:15:19 [main] INFO  ActionDriver - clicked an element--->Element with text: Login
2026-06-15 10:15:24 [main] INFO  BaseClass - WebDriver instance is closed
2026-06-15 10:15:25 [main] INFO  BaseClass - Chromedriver instance is created
2026-06-15 10:15:35 [main] INFO  BaseClass - Webdriver initialized and browser maximized
2026-06-15 10:15:35 [main] TRACE BaseClass - This is a trace message
2026-06-15 10:15:35 [main] WARN  BaseClass - This is a warn message
2026-06-15 10:15:35 [main] DEBUG BaseClass - This is a debug message
2026-06-15 10:15:35 [main] INFO  ActionDriver - WebDriver initialized
2026-06-15 10:15:35 [main] INFO  ActionDriver - Element entered
2026-06-15 10:15:35 [main] INFO  ActionDriver - Element entered
2026-06-15 10:15:36 [main] INFO  ActionDriver - Element clicked
2026-06-15 10:15:36 [main] INFO  ActionDriver - clicked an element--->Element with text: Login
2026-06-15 10:15:41 [main] INFO  BaseClass - WebDriver instance is closed
2026-06-15 10:15:42 [main] INFO  BaseClass - Chromedriver instance is created
2026-06-18 10:18:39 [main] INFO  BaseClass - config.properties file loaded
2026-06-18 10:18:56 [main] INFO  BaseClass - Chromedriver instance is created
2026-06-18 10:19:14 [main] INFO  BaseClass - Webdriver initialized and browser maximized
2026-06-18 10:19:14 [main] TRACE BaseClass - This is a trace message
2026-06-18 10:19:14 [main] WARN  BaseClass - This is a warn message
2026-06-18 10:19:14 [main] DEBUG BaseClass - This is a debug message
2026-06-18 10:19:14 [main] INFO  ActionDriver - WebDriver initialized
2026-06-18 10:19:16 [main] INFO  ActionDriver - Element entered
2026-06-18 10:19:17 [main] INFO  ActionDriver - Element entered
2026-06-18 10:19:17 [main] INFO  ActionDriver - Element clicked
2026-06-18 10:19:17 [main] INFO  ActionDriver - clicked an element--->Element with text: Login
2026-06-18 10:19:39 [main] INFO  BaseClass - WebDriver instance is closed
2026-06-18 10:19:39 [main] INFO  BaseClass - Chromedriver instance is created
2026-06-18 10:19:55 [main] INFO  BaseClass - Webdriver initialized and browser maximized
2026-06-18 10:19:55 [main] TRACE BaseClass - This is a trace message
2026-06-18 10:19:55 [main] WARN  BaseClass - This is a warn message
2026-06-18 10:19:55 [main] DEBUG BaseClass - This is a debug message
2026-06-18 10:19:55 [main] INFO  ActionDriver - WebDriver initialized
2026-06-18 10:19:56 [main] INFO  ActionDriver - Element entered
2026-06-18 10:19:57 [main] INFO  ActionDriver - Element entered
2026-06-18 10:19:57 [main] INFO  ActionDriver - Element clicked
2026-06-18 10:19:57 [main] INFO  ActionDriver - clicked an element--->Element with text: Login
2026-06-18 10:20:08 [main] INFO  BaseClass - WebDriver instance is closed
2026-06-18 10:20:08 [main] INFO  BaseClass - Chromedriver instance is created
2026-06-18 10:20:26 [main] INFO  BaseClass - Webdriver initialized and browser maximized
2026-06-18 10:20:26 [main] TRACE BaseClass - This is a trace message
2026-06-18 10:20:26 [main] WARN  BaseClass - This is a warn message
2026-06-18 10:20:26 [main] DEBUG BaseClass - This is a debug message
2026-06-18 10:20:26 [main] INFO  ActionDriver - WebDriver initialized
2026-06-18 10:20:29 [main] INFO  ActionDriver - Element entered
2026-06-18 10:20:29 [main] INFO  ActionDriver - Element entered
2026-06-18 10:20:29 [main] INFO  ActionDriver - Element clicked
2026-06-18 10:20:29 [main] INFO  ActionDriver - clicked an element--->Element with text: Login
2026-06-18 10:20:44 [main] INFO  ActionDriver - Element clicked
2026-06-18 10:20:44 [main] INFO  ActionDriver - clicked an element--->Element with text: manda user
2026-06-18 10:20:56 [main] INFO  ActionDriver - Element clicked
2026-06-18 10:20:56 [main] INFO  ActionDriver - clicked an element--->Element with text: Logout
2026-06-18 10:20:58 [main] INFO  BaseClass - WebDriver instance is closed
2026-06-18 22:58:52 [main] INFO  BaseClass - config.properties file loaded
2026-06-18 22:58:55 [main] INFO  BaseClass - Chromedriver instance is created
2026-06-18 22:59:06 [main] INFO  BaseClass - Webdriver initialized and browser maximized
2026-06-18 22:59:06 [main] TRACE BaseClass - This is a trace message
2026-06-18 22:59:06 [main] WARN  BaseClass - This is a warn message
2026-06-18 22:59:06 [main] DEBUG BaseClass - This is a debug message
2026-06-18 22:59:06 [main] INFO  ActionDriver - WebDriver initialized
2026-06-18 22:59:06 [main] INFO  ActionDriver - Element entered
2026-06-18 22:59:06 [main] INFO  ActionDriver - Element entered
2026-06-18 22:59:07 [main] INFO  ActionDriver - Element clicked
2026-06-18 22:59:07 [main] INFO  ActionDriver - clicked an element--->Element with text: Login
2026-06-18 22:59:11 [main] INFO  BaseClass - WebDriver instance is closed
2026-06-18 23:17:01 [main] INFO  BaseClass - config.properties file loaded
2026-06-18 23:17:02 [main] INFO  BaseClass - Chromedriver instance is created
2026-06-18 23:18:51 [main] INFO  BaseClass - Webdriver initialized and browser maximized
2026-06-18 23:18:51 [main] TRACE BaseClass - This is a trace message
2026-06-18 23:18:51 [main] WARN  BaseClass - This is a warn message
2026-06-18 23:18:51 [main] DEBUG BaseClass - This is a debug message
2026-06-18 23:18:51 [main] INFO  ActionDriver - WebDriver initialized
2026-06-18 23:18:55 [main] INFO  ActionDriver - Entered text on: Element with name: username ad
2026-06-18 23:18:55 [main] INFO  ActionDriver - Entered text on: Element with name: password admin
2026-06-18 23:19:08 [main] INFO  ActionDriver - Element clicked
2026-06-18 23:19:08 [main] INFO  ActionDriver - clicked an element--->Element with text: Login
2026-06-18 23:19:09 [main] INFO  BaseClass - WebDriver instance is closed
2026-06-26 22:57:31 [main] INFO  BaseClass - config.properties file loaded
2026-06-26 22:57:37 [TestNG-test-OrangeHRMTest-1] INFO  BaseClass - Chromedriver instance is created
2026-06-26 22:57:37 [TestNG-test-OrangeHRMTest-2] INFO  BaseClass - Chromedriver instance is created
2026-06-26 22:57:37 [TestNG-test-OrangeHRMTest-3] INFO  BaseClass - Chromedriver instance is created
2026-06-26 22:57:48 [TestNG-test-OrangeHRMTest-3] INFO  BaseClass - Webdriver initialized and browser maximized
2026-06-26 22:57:48 [TestNG-test-OrangeHRMTest-3] TRACE BaseClass - This is a trace message
2026-06-26 22:57:48 [TestNG-test-OrangeHRMTest-3] WARN  BaseClass - This is a warn message
2026-06-26 22:57:48 [TestNG-test-OrangeHRMTest-3] DEBUG BaseClass - This is a debug message
2026-06-26 22:57:48 [TestNG-test-OrangeHRMTest-3] INFO  ActionDriver - WebDriver initialized
2026-06-26 22:57:48 [TestNG-test-OrangeHRMTest-3] INFO  BaseClass - ActionDriver instance is initialized
2026-06-26 22:57:48 [TestNG-test-OrangeHRMTest-1] INFO  BaseClass - Webdriver initialized and browser maximized
2026-06-26 22:57:48 [TestNG-test-OrangeHRMTest-1] TRACE BaseClass - This is a trace message
2026-06-26 22:57:48 [TestNG-test-OrangeHRMTest-1] WARN  BaseClass - This is a warn message
2026-06-26 22:57:48 [TestNG-test-OrangeHRMTest-1] DEBUG BaseClass - This is a debug message
2026-06-26 22:57:48 [TestNG-test-OrangeHRMTest-1] INFO  ActionDriver - WebDriver initialized
2026-06-26 22:57:48 [TestNG-test-OrangeHRMTest-1] INFO  BaseClass - ActionDriver instance is initialized
2026-06-26 22:57:49 [TestNG-test-OrangeHRMTest-3] INFO  ActionDriver - Entered text on: Element with name: username Admin
2026-06-26 22:57:49 [TestNG-test-OrangeHRMTest-1] INFO  BaseClass - WebDriver instance is closed
2026-06-26 22:57:49 [TestNG-test-OrangeHRMTest-3] INFO  ActionDriver - Entered text on: Element with name: password admin123
2026-06-26 22:57:50 [TestNG-test-OrangeHRMTest-3] INFO  ActionDriver - Element clicked
2026-06-26 22:57:50 [TestNG-test-OrangeHRMTest-3] INFO  ActionDriver - clicked an element--->Element with text: Login
2026-06-26 22:57:50 [TestNG-test-OrangeHRMTest-2] INFO  BaseClass - Webdriver initialized and browser maximized
2026-06-26 22:57:50 [TestNG-test-OrangeHRMTest-2] TRACE BaseClass - This is a trace message
2026-06-26 22:57:50 [TestNG-test-OrangeHRMTest-2] WARN  BaseClass - This is a warn message
2026-06-26 22:57:50 [TestNG-test-OrangeHRMTest-2] DEBUG BaseClass - This is a debug message
2026-06-26 22:57:50 [TestNG-test-OrangeHRMTest-2] INFO  ActionDriver - WebDriver initialized
2026-06-26 22:57:50 [TestNG-test-OrangeHRMTest-2] INFO  BaseClass - ActionDriver instance is initialized
2026-06-26 22:57:51 [TestNG-test-OrangeHRMTest-2] INFO  ActionDriver - Entered text on: Element with name: username ad
2026-06-26 22:57:51 [TestNG-test-OrangeHRMTest-2] INFO  ActionDriver - Entered text on: Element with name: password admin
2026-06-26 22:57:51 [TestNG-test-OrangeHRMTest-2] INFO  ActionDriver - Element clicked
2026-06-26 22:57:51 [TestNG-test-OrangeHRMTest-2] INFO  ActionDriver - clicked an element--->Element with text: Login
2026-06-26 22:57:52 [TestNG-test-OrangeHRMTest-3] INFO  BaseClass - WebDriver instance is closed
2026-06-26 22:57:53 [TestNG-test-OrangeHRMTest-2] INFO  BaseClass - WebDriver instance is closed
2026-06-26 22:57:54 [TestNG-test-OrangeHRMTest-2] INFO  BaseClass - Chromedriver instance is created
2026-06-26 22:58:09 [TestNG-test-OrangeHRMTest-2] INFO  BaseClass - Webdriver initialized and browser maximized
2026-06-26 22:58:09 [TestNG-test-OrangeHRMTest-2] TRACE BaseClass - This is a trace message
2026-06-26 22:58:09 [TestNG-test-OrangeHRMTest-2] WARN  BaseClass - This is a warn message
2026-06-26 22:58:09 [TestNG-test-OrangeHRMTest-2] DEBUG BaseClass - This is a debug message
2026-06-26 22:58:09 [TestNG-test-OrangeHRMTest-2] INFO  ActionDriver - WebDriver initialized
2026-06-26 22:58:09 [TestNG-test-OrangeHRMTest-2] INFO  BaseClass - ActionDriver instance is initialized
2026-06-26 22:58:09 [TestNG-test-OrangeHRMTest-2] INFO  ActionDriver - Entered text on: Element with name: username Admin
2026-06-26 22:58:10 [TestNG-test-OrangeHRMTest-2] INFO  ActionDriver - Entered text on: Element with name: password admin123
2026-06-26 22:58:11 [TestNG-test-OrangeHRMTest-2] INFO  ActionDriver - Element clicked
2026-06-26 22:58:11 [TestNG-test-OrangeHRMTest-2] INFO  ActionDriver - clicked an element--->Element with text: Login
2026-06-26 22:58:12 [TestNG-test-OrangeHRMTest-2] INFO  ActionDriver - Element clicked
2026-06-26 22:58:12 [TestNG-test-OrangeHRMTest-2] INFO  ActionDriver - clicked an element--->Element with text: DSugar juaniperez
2026-06-26 22:58:14 [TestNG-test-OrangeHRMTest-2] INFO  ActionDriver - Element clicked
2026-06-26 22:58:14 [TestNG-test-OrangeHRMTest-2] INFO  ActionDriver - clicked an element--->Element with text: Logout
2026-06-26 22:58:16 [TestNG-test-OrangeHRMTest-2] INFO  BaseClass - WebDriver instance is closed
2026-06-27 23:37:44 [main] INFO  BaseClass - config.properties file loaded
2026-06-27 23:37:49 [TestNG-test-OrangeHRMTest-3] INFO  BaseClass - Chromedriver instance is created
2026-06-27 23:37:49 [TestNG-test-OrangeHRMTest-4] INFO  BaseClass - Chromedriver instance is created
2026-06-27 23:37:49 [TestNG-test-OrangeHRMTest-1] INFO  BaseClass - Chromedriver instance is created
2026-06-27 23:37:57 [TestNG-test-OrangeHRMTest-1] INFO  BaseClass - Webdriver initialized and browser maximized
2026-06-27 23:37:57 [TestNG-test-OrangeHRMTest-1] TRACE BaseClass - This is a trace message
2026-06-27 23:37:57 [TestNG-test-OrangeHRMTest-1] WARN  BaseClass - This is a warn message
2026-06-27 23:37:57 [TestNG-test-OrangeHRMTest-1] DEBUG BaseClass - This is a debug message
2026-06-27 23:37:57 [TestNG-test-OrangeHRMTest-1] INFO  ActionDriver - WebDriver initialized
2026-06-27 23:37:57 [TestNG-test-OrangeHRMTest-1] INFO  BaseClass - ActionDriver instance is initialized
2026-06-27 23:37:57 [TestNG-test-OrangeHRMTest-3] INFO  BaseClass - Webdriver initialized and browser maximized
2026-06-27 23:37:57 [TestNG-test-OrangeHRMTest-3] TRACE BaseClass - This is a trace message
2026-06-27 23:37:57 [TestNG-test-OrangeHRMTest-3] WARN  BaseClass - This is a warn message
2026-06-27 23:37:57 [TestNG-test-OrangeHRMTest-3] DEBUG BaseClass - This is a debug message
2026-06-27 23:37:57 [TestNG-test-OrangeHRMTest-3] INFO  ActionDriver - WebDriver initialized
2026-06-27 23:37:57 [TestNG-test-OrangeHRMTest-3] INFO  BaseClass - ActionDriver instance is initialized
2026-06-27 23:37:58 [TestNG-test-OrangeHRMTest-4] INFO  BaseClass - Webdriver initialized and browser maximized
2026-06-27 23:37:58 [TestNG-test-OrangeHRMTest-4] TRACE BaseClass - This is a trace message
2026-06-27 23:37:58 [TestNG-test-OrangeHRMTest-4] WARN  BaseClass - This is a warn message
2026-06-27 23:37:58 [TestNG-test-OrangeHRMTest-4] DEBUG BaseClass - This is a debug message
2026-06-27 23:37:58 [TestNG-test-OrangeHRMTest-4] INFO  ActionDriver - WebDriver initialized
2026-06-27 23:37:58 [TestNG-test-OrangeHRMTest-4] INFO  BaseClass - ActionDriver instance is initialized
2026-06-27 23:37:58 [TestNG-test-OrangeHRMTest-1] INFO  BaseClass - WebDriver instance is closed
2026-06-27 23:37:58 [TestNG-test-OrangeHRMTest-3] INFO  ActionDriver - Entered text on: Element with name: username Admin
2026-06-27 23:37:58 [TestNG-test-OrangeHRMTest-4] INFO  ActionDriver - Entered text on: Element with name: username Admin
2026-06-27 23:37:58 [TestNG-test-OrangeHRMTest-3] INFO  ActionDriver - Entered text on: Element with name: password admin123
2026-06-27 23:37:58 [TestNG-test-OrangeHRMTest-4] INFO  ActionDriver - Entered text on: Element with name: password admin123
2026-06-27 23:37:58 [TestNG-test-OrangeHRMTest-2] INFO  BaseClass - Chromedriver instance is created
2026-06-27 23:37:59 [TestNG-test-OrangeHRMTest-3] INFO  ActionDriver - Element clicked
2026-06-27 23:37:59 [TestNG-test-OrangeHRMTest-3] INFO  ActionDriver - clicked an element--->Element with text: Login
2026-06-27 23:37:59 [TestNG-test-OrangeHRMTest-4] INFO  ActionDriver - Element clicked
2026-06-27 23:37:59 [TestNG-test-OrangeHRMTest-4] INFO  ActionDriver - clicked an element--->Element with text: Login
2026-06-27 23:38:01 [TestNG-test-OrangeHRMTest-3] INFO  ActionDriver - Element clicked
2026-06-27 23:38:01 [TestNG-test-OrangeHRMTest-3] INFO  ActionDriver - clicked an element--->Element with text: Dorian Will
2026-06-27 23:38:01 [TestNG-test-OrangeHRMTest-4] INFO  BaseClass - WebDriver instance is closed
2026-06-27 23:38:02 [TestNG-test-OrangeHRMTest-3] INFO  ActionDriver - Element clicked
2026-06-27 23:38:02 [TestNG-test-OrangeHRMTest-3] INFO  ActionDriver - clicked an element--->Element with text: Logout
2026-06-27 23:38:07 [TestNG-test-OrangeHRMTest-2] INFO  BaseClass - Webdriver initialized and browser maximized
2026-06-27 23:38:07 [TestNG-test-OrangeHRMTest-2] TRACE BaseClass - This is a trace message
2026-06-27 23:38:07 [TestNG-test-OrangeHRMTest-2] WARN  BaseClass - This is a warn message
2026-06-27 23:38:07 [TestNG-test-OrangeHRMTest-2] DEBUG BaseClass - This is a debug message
2026-06-27 23:38:07 [TestNG-test-OrangeHRMTest-2] INFO  ActionDriver - WebDriver initialized
2026-06-27 23:38:07 [TestNG-test-OrangeHRMTest-2] INFO  BaseClass - ActionDriver instance is initialized
2026-06-27 23:38:08 [TestNG-test-OrangeHRMTest-2] INFO  ActionDriver - Entered text on: Element with name: username ad
2026-06-27 23:38:08 [TestNG-test-OrangeHRMTest-2] INFO  ActionDriver - Entered text on: Element with name: password admin
2026-06-27 23:38:08 [TestNG-test-OrangeHRMTest-3] INFO  BaseClass - WebDriver instance is closed
2026-06-27 23:38:08 [TestNG-test-OrangeHRMTest-2] INFO  ActionDriver - Element clicked
2026-06-27 23:38:08 [TestNG-test-OrangeHRMTest-2] INFO  ActionDriver - clicked an element--->Element with text: Login
2026-06-27 23:38:10 [TestNG-test-OrangeHRMTest-2] INFO  BaseClass - WebDriver instance is closed
2026-06-27 23:40:29 [main] INFO  BaseClass - config.properties file loaded
2026-06-27 23:40:31 [TestNG-test-OrangeHRMTest-3] INFO  BaseClass - Chromedriver instance is created
2026-06-27 23:40:31 [TestNG-test-OrangeHRMTest-1] INFO  BaseClass - Chromedriver instance is created
2026-06-27 23:40:31 [TestNG-test-OrangeHRMTest-4] INFO  BaseClass - Chromedriver instance is created
2026-06-27 23:40:39 [TestNG-test-OrangeHRMTest-3] INFO  BaseClass - Webdriver initialized and browser maximized
2026-06-27 23:40:39 [TestNG-test-OrangeHRMTest-3] TRACE BaseClass - This is a trace message
2026-06-27 23:40:39 [TestNG-test-OrangeHRMTest-3] WARN  BaseClass - This is a warn message
2026-06-27 23:40:39 [TestNG-test-OrangeHRMTest-3] DEBUG BaseClass - This is a debug message
2026-06-27 23:40:39 [TestNG-test-OrangeHRMTest-3] INFO  ActionDriver - WebDriver initialized
2026-06-27 23:40:39 [TestNG-test-OrangeHRMTest-3] INFO  BaseClass - ActionDriver instance is initialized 40
2026-06-27 23:40:40 [TestNG-test-OrangeHRMTest-1] INFO  BaseClass - Webdriver initialized and browser maximized
2026-06-27 23:40:40 [TestNG-test-OrangeHRMTest-4] INFO  BaseClass - Webdriver initialized and browser maximized
2026-06-27 23:40:40 [TestNG-test-OrangeHRMTest-4] TRACE BaseClass - This is a trace message
2026-06-27 23:40:40 [TestNG-test-OrangeHRMTest-1] TRACE BaseClass - This is a trace message
2026-06-27 23:40:40 [TestNG-test-OrangeHRMTest-4] WARN  BaseClass - This is a warn message
2026-06-27 23:40:40 [TestNG-test-OrangeHRMTest-4] DEBUG BaseClass - This is a debug message
2026-06-27 23:40:40 [TestNG-test-OrangeHRMTest-1] WARN  BaseClass - This is a warn message
2026-06-27 23:40:40 [TestNG-test-OrangeHRMTest-4] INFO  ActionDriver - WebDriver initialized
2026-06-27 23:40:40 [TestNG-test-OrangeHRMTest-1] DEBUG BaseClass - This is a debug message
2026-06-27 23:40:40 [TestNG-test-OrangeHRMTest-4] INFO  BaseClass - ActionDriver instance is initialized 41
2026-06-27 23:40:40 [TestNG-test-OrangeHRMTest-1] INFO  ActionDriver - WebDriver initialized
2026-06-27 23:40:40 [TestNG-test-OrangeHRMTest-1] INFO  BaseClass - ActionDriver instance is initialized 38
2026-06-27 23:40:40 [TestNG-test-OrangeHRMTest-3] INFO  ActionDriver - Entered text on: Element with name: username Admin
2026-06-27 23:40:40 [TestNG-test-OrangeHRMTest-4] INFO  ActionDriver - Entered text on: Element with name: username Admin
2026-06-27 23:40:40 [TestNG-test-OrangeHRMTest-3] INFO  ActionDriver - Entered text on: Element with name: password admin123
2026-06-27 23:40:40 [TestNG-test-OrangeHRMTest-1] INFO  BaseClass - WebDriver instance is closed
2026-06-27 23:40:40 [TestNG-test-OrangeHRMTest-3] INFO  ActionDriver - Element clicked
2026-06-27 23:40:40 [TestNG-test-OrangeHRMTest-3] INFO  ActionDriver - clicked an element--->Element with text: Login
2026-06-27 23:40:40 [TestNG-test-OrangeHRMTest-4] INFO  ActionDriver - Entered text on: Element with name: password admin123
2026-06-27 23:40:40 [TestNG-test-OrangeHRMTest-2] INFO  BaseClass - Chromedriver instance is created
2026-06-27 23:40:41 [TestNG-test-OrangeHRMTest-4] INFO  ActionDriver - Element clicked
2026-06-27 23:40:41 [TestNG-test-OrangeHRMTest-4] INFO  ActionDriver - clicked an element--->Element with text: Login
2026-06-27 23:40:42 [TestNG-test-OrangeHRMTest-3] INFO  ActionDriver - Element clicked
2026-06-27 23:40:42 [TestNG-test-OrangeHRMTest-3] INFO  ActionDriver - clicked an element--->Element with text: Dorian Will
2026-06-27 23:40:43 [TestNG-test-OrangeHRMTest-4] INFO  BaseClass - WebDriver instance is closed
2026-06-27 23:40:44 [TestNG-test-OrangeHRMTest-3] INFO  ActionDriver - Element clicked
2026-06-27 23:40:44 [TestNG-test-OrangeHRMTest-3] INFO  ActionDriver - clicked an element--->Element with text: Logout
2026-06-27 23:41:10 [TestNG-test-OrangeHRMTest-2] INFO  BaseClass - Webdriver initialized and browser maximized
2026-06-27 23:41:10 [TestNG-test-OrangeHRMTest-2] TRACE BaseClass - This is a trace message
2026-06-27 23:41:10 [TestNG-test-OrangeHRMTest-2] WARN  BaseClass - This is a warn message
2026-06-27 23:41:10 [TestNG-test-OrangeHRMTest-2] DEBUG BaseClass - This is a debug message
2026-06-27 23:41:10 [TestNG-test-OrangeHRMTest-2] INFO  ActionDriver - WebDriver initialized
2026-06-27 23:41:10 [TestNG-test-OrangeHRMTest-2] INFO  BaseClass - ActionDriver instance is initialized 39
2026-06-27 23:41:10 [TestNG-test-OrangeHRMTest-3] INFO  BaseClass - WebDriver instance is closed
2026-06-27 23:42:41 [TestNG-test-OrangeHRMTest-2] INFO  ActionDriver - Unable to click element invalid session id
Build info: version: '4.39.0', revision: '126f156aee'
System info: os.name: 'Windows 11', os.arch: 'amd64', os.version: '10.0', java.version: '21.0.10'
Driver info: org.openqa.selenium.chrome.ChromeDriver
Command: [31661471469936409ab892d2c5f1b3d4, findElement {value=//button[normalize-space()='Login'], using=xpath}]
Capabilities {acceptInsecureCerts: false, browserName: chrome, browserVersion: 149.0.7827.201, chrome: {chromedriverVersion: 149.0.7827.155 (07b52360cc1..., userDataDir: C:\Users\UNTHIN~1\AppData\L...}, fedcm:accounts: true, goog:chromeOptions: {debuggerAddress: localhost:59768}, goog:processID: 8316, networkConnectionEnabled: false, pageLoadStrategy: normal, platformName: windows, proxy: Proxy(), se:cdp: ws://localhost:59768/devtoo..., se:cdpVersion: 149.0.7827.201, setWindowRect: true, strictFileInteractability: false, timeouts: {implicit: 0, pageLoad: 300000, script: 30000}, unhandledPromptBehavior: dismiss and notify, webauthn:extension:credBlob: true, webauthn:extension:largeBlob: true, webauthn:extension:minPinLength: true, webauthn:extension:prf: true, webauthn:virtualAuthenticators: true}
Session ID: 31661471469936409ab892d2c5f1b3d4
2026-06-27 23:42:41 [TestNG-test-OrangeHRMTest-2] INFO  BaseClass - WebDriver instance is closed
2026-06-27 23:43:12 [main] INFO  BaseClass - config.properties file loaded
2026-06-27 23:43:13 [TestNG-test-OrangeHRMTest-1] INFO  BaseClass - Chromedriver instance is created
2026-06-27 23:43:13 [TestNG-test-OrangeHRMTest-4] INFO  BaseClass - Chromedriver instance is created
2026-06-27 23:43:13 [TestNG-test-OrangeHRMTest-2] INFO  BaseClass - Chromedriver instance is created
2026-06-27 23:43:23 [TestNG-test-OrangeHRMTest-4] INFO  BaseClass - Webdriver initialized and browser maximized
2026-06-27 23:43:23 [TestNG-test-OrangeHRMTest-4] TRACE BaseClass - This is a trace message
2026-06-27 23:43:23 [TestNG-test-OrangeHRMTest-4] WARN  BaseClass - This is a warn message
2026-06-27 23:43:23 [TestNG-test-OrangeHRMTest-4] DEBUG BaseClass - This is a debug message
2026-06-27 23:43:23 [TestNG-test-OrangeHRMTest-4] INFO  ActionDriver - WebDriver initialized
2026-06-27 23:43:23 [TestNG-test-OrangeHRMTest-4] INFO  BaseClass - ActionDriver instance is initialized 40
2026-06-27 23:43:24 [TestNG-test-OrangeHRMTest-4] INFO  ActionDriver - Entered text on: Element with name: username Admin
2026-06-27 23:43:24 [TestNG-test-OrangeHRMTest-4] INFO  ActionDriver - Entered text on: Element with name: password admin123
2026-06-27 23:43:24 [TestNG-test-OrangeHRMTest-4] INFO  ActionDriver - Element clicked
2026-06-27 23:43:24 [TestNG-test-OrangeHRMTest-4] INFO  ActionDriver - clicked an element--->Element with text: Login
2026-06-27 23:43:24 [TestNG-test-OrangeHRMTest-1] INFO  BaseClass - Webdriver initialized and browser maximized
2026-06-27 23:43:24 [TestNG-test-OrangeHRMTest-1] TRACE BaseClass - This is a trace message
2026-06-27 23:43:24 [TestNG-test-OrangeHRMTest-1] WARN  BaseClass - This is a warn message
2026-06-27 23:43:24 [TestNG-test-OrangeHRMTest-1] DEBUG BaseClass - This is a debug message
2026-06-27 23:43:24 [TestNG-test-OrangeHRMTest-1] INFO  ActionDriver - WebDriver initialized
2026-06-27 23:43:24 [TestNG-test-OrangeHRMTest-1] INFO  BaseClass - ActionDriver instance is initialized 37
2026-06-27 23:43:25 [TestNG-test-OrangeHRMTest-1] INFO  BaseClass - WebDriver instance is closed
2026-06-27 23:43:25 [TestNG-test-OrangeHRMTest-2] INFO  BaseClass - Webdriver initialized and browser maximized
2026-06-27 23:43:25 [TestNG-test-OrangeHRMTest-2] TRACE BaseClass - This is a trace message
2026-06-27 23:43:25 [TestNG-test-OrangeHRMTest-2] WARN  BaseClass - This is a warn message
2026-06-27 23:43:25 [TestNG-test-OrangeHRMTest-2] DEBUG BaseClass - This is a debug message
2026-06-27 23:43:25 [TestNG-test-OrangeHRMTest-2] INFO  ActionDriver - WebDriver initialized
2026-06-27 23:43:25 [TestNG-test-OrangeHRMTest-2] INFO  BaseClass - ActionDriver instance is initialized 38
2026-06-27 23:43:25 [TestNG-test-OrangeHRMTest-2] INFO  ActionDriver - Entered text on: Element with name: username ad
2026-06-27 23:43:25 [TestNG-test-OrangeHRMTest-2] INFO  ActionDriver - Entered text on: Element with name: password admin
2026-06-27 23:43:26 [TestNG-test-OrangeHRMTest-2] INFO  ActionDriver - Element clicked
2026-06-27 23:43:26 [TestNG-test-OrangeHRMTest-2] INFO  ActionDriver - clicked an element--->Element with text: Login
2026-06-27 23:43:26 [TestNG-test-OrangeHRMTest-3] INFO  BaseClass - Chromedriver instance is created
2026-06-27 23:43:26 [TestNG-test-OrangeHRMTest-4] INFO  BaseClass - WebDriver instance is closed
2026-06-27 23:43:34 [TestNG-test-OrangeHRMTest-3] INFO  BaseClass - Webdriver initialized and browser maximized
2026-06-27 23:43:34 [TestNG-test-OrangeHRMTest-3] TRACE BaseClass - This is a trace message
2026-06-27 23:43:34 [TestNG-test-OrangeHRMTest-3] WARN  BaseClass - This is a warn message
2026-06-27 23:43:34 [TestNG-test-OrangeHRMTest-3] DEBUG BaseClass - This is a debug message
2026-06-27 23:43:34 [TestNG-test-OrangeHRMTest-3] INFO  ActionDriver - WebDriver initialized
2026-06-27 23:43:34 [TestNG-test-OrangeHRMTest-3] INFO  BaseClass - ActionDriver instance is initialized 39
2026-06-27 23:43:34 [TestNG-test-OrangeHRMTest-3] INFO  ActionDriver - Entered text on: Element with name: username Admin
2026-06-27 23:43:34 [TestNG-test-OrangeHRMTest-3] INFO  ActionDriver - Entered text on: Element with name: password admin123
2026-06-27 23:43:34 [TestNG-test-OrangeHRMTest-2] INFO  BaseClass - WebDriver instance is closed
2026-06-27 23:43:35 [TestNG-test-OrangeHRMTest-3] INFO  ActionDriver - Element clicked
2026-06-27 23:43:35 [TestNG-test-OrangeHRMTest-3] INFO  ActionDriver - clicked an element--->Element with text: Login
2026-06-27 23:43:37 [TestNG-test-OrangeHRMTest-3] INFO  ActionDriver - Element clicked
2026-06-27 23:43:37 [TestNG-test-OrangeHRMTest-3] INFO  ActionDriver - clicked an element--->Element with text: Dorian Will
2026-06-27 23:43:38 [TestNG-test-OrangeHRMTest-3] INFO  ActionDriver - Element clicked
2026-06-27 23:43:38 [TestNG-test-OrangeHRMTest-3] INFO  ActionDriver - clicked an element--->Element with text: Logout
2026-06-27 23:43:40 [TestNG-test-OrangeHRMTest-3] INFO  BaseClass - WebDriver instance is closed
2026-07-01 14:57:08 [main] INFO  BaseClass - config.properties file loaded
2026-07-01 14:57:25 [main] INFO  BaseClass - Chromedriver instance is created
2026-07-01 14:57:37 [main] INFO  BaseClass - Webdriver initialized and browser maximized
2026-07-01 14:57:37 [main] TRACE BaseClass - This is a trace message
2026-07-01 14:57:37 [main] WARN  BaseClass - This is a warn message
2026-07-01 14:57:37 [main] DEBUG BaseClass - This is a debug message
2026-07-01 14:57:37 [main] INFO  ActionDriver - WebDriver initialized
2026-07-01 14:57:37 [main] INFO  BaseClass - ActionDriver instance is initialized 1
2026-07-01 14:57:38 [main] INFO  ActionDriver - Entered text on: Element with name: username Admin
2026-07-01 14:57:38 [main] INFO  ActionDriver - Entered text on: Element with name: password admin123
2026-07-01 14:57:40 [main] INFO  ActionDriver - Element clicked
2026-07-01 14:57:40 [main] INFO  ActionDriver - clicked an element--->Element with text: Login
2026-07-01 14:57:41 [main] INFO  BaseClass - WebDriver instance is closed
2026-07-01 14:57:42 [main] INFO  BaseClass - Chromedriver instance is created
2026-07-01 14:57:55 [main] INFO  BaseClass - Webdriver initialized and browser maximized
2026-07-01 14:57:55 [main] TRACE BaseClass - This is a trace message
2026-07-01 14:57:55 [main] WARN  BaseClass - This is a warn message
2026-07-01 14:57:55 [main] DEBUG BaseClass - This is a debug message
2026-07-01 14:57:55 [main] INFO  ActionDriver - WebDriver initialized
2026-07-01 14:57:55 [main] INFO  BaseClass - ActionDriver instance is initialized 1
2026-07-01 14:57:55 [main] INFO  ActionDriver - Entered text on: Element with name: username ad
2026-07-01 14:57:55 [main] INFO  ActionDriver - Entered text on: Element with name: password admin
2026-07-01 14:57:56 [main] INFO  ActionDriver - Element clicked
2026-07-01 14:57:56 [main] INFO  ActionDriver - clicked an element--->Element with text: Login
2026-07-01 14:57:57 [main] INFO  BaseClass - WebDriver instance is closed
2026-07-01 14:57:59 [main] INFO  BaseClass - Chromedriver instance is created
2026-07-01 14:58:11 [main] INFO  BaseClass - Webdriver initialized and browser maximized
2026-07-01 14:58:11 [main] TRACE BaseClass - This is a trace message
2026-07-01 14:58:11 [main] WARN  BaseClass - This is a warn message
2026-07-01 14:58:11 [main] DEBUG BaseClass - This is a debug message
2026-07-01 14:58:11 [main] INFO  ActionDriver - WebDriver initialized
2026-07-01 14:58:11 [main] INFO  BaseClass - ActionDriver instance is initialized 1
2026-07-01 14:58:12 [main] INFO  ActionDriver - Entered text on: Element with name: username Admin
2026-07-01 14:58:12 [main] INFO  ActionDriver - Entered text on: Element with name: password admin123
2026-07-01 14:58:12 [main] INFO  ActionDriver - Element clicked
2026-07-01 14:58:12 [main] INFO  ActionDriver - clicked an element--->Element with text: Login
2026-07-01 14:58:14 [main] INFO  ActionDriver - Element clicked
2026-07-01 14:58:14 [main] INFO  ActionDriver - clicked an element--->Element with text: Vasanth user
2026-07-01 14:58:15 [main] INFO  ActionDriver - Element clicked
2026-07-01 14:58:15 [main] INFO  ActionDriver - clicked an element--->Element with text: Logout
2026-07-01 14:58:18 [main] INFO  BaseClass - WebDriver instance is closed
2026-07-31 19:31:29 [main] INFO  BaseClass - config.properties file loaded
2026-07-31 19:32:10 [main] INFO  BaseClass - Chromedriver instance is created
2026-07-31 19:32:29 [main] INFO  BaseClass - Webdriver initialized and browser maximized
2026-07-31 19:32:29 [main] TRACE BaseClass - This is a trace message
2026-07-31 19:32:29 [main] WARN  BaseClass - This is a warn message
2026-07-31 19:32:29 [main] DEBUG BaseClass - This is a debug message
2026-07-31 19:32:29 [main] INFO  ActionDriver - WebDriver initialized
2026-07-31 19:32:29 [main] INFO  BaseClass - ActionDriver instance is initialized 1
2026-07-31 19:32:29 [main] INFO  ActionDriver - Entered text on: Element with name: username Admin
2026-07-31 19:32:30 [main] INFO  ActionDriver - Entered text on: Element with name: password admin123
2026-07-31 19:32:31 [main] INFO  ActionDriver - Element clicked
2026-07-31 19:32:31 [main] INFO  ActionDriver - clicked an element--->Element with text: Login
2026-07-31 19:32:32 [main] INFO  BaseClass - WebDriver instance is closed
2026-07-31 19:32:33 [main] INFO  BaseClass - Chromedriver instance is created
2026-07-31 19:34:07 [main] INFO  BaseClass - Webdriver initialized and browser maximized
2026-07-31 19:34:07 [main] TRACE BaseClass - This is a trace message
2026-07-31 19:34:07 [main] WARN  BaseClass - This is a warn message
2026-07-31 19:34:07 [main] DEBUG BaseClass - This is a debug message
2026-07-31 19:34:07 [main] INFO  ActionDriver - WebDriver initialized
2026-07-31 19:34:07 [main] INFO  BaseClass - ActionDriver instance is initialized 1
2026-07-31 19:36:58 [main] INFO  BaseClass - config.properties file loaded
2026-07-31 19:37:00 [main] INFO  BaseClass - Chromedriver instance is created
2026-07-31 19:39:07 [main] INFO  BaseClass - Webdriver initialized and browser maximized
2026-07-31 19:39:07 [main] TRACE BaseClass - This is a trace message
2026-07-31 19:39:07 [main] WARN  BaseClass - This is a warn message
2026-07-31 19:39:07 [main] DEBUG BaseClass - This is a debug message
2026-07-31 19:39:07 [main] INFO  ActionDriver - WebDriver initialized
2026-07-31 19:39:07 [main] INFO  BaseClass - ActionDriver instance is initialized 1
2026-07-31 19:39:20 [main] INFO  ActionDriver - Unable to click element invalid session id
Build info: version: '4.39.0', revision: '126f156aee'
System info: os.name: 'Windows 11', os.arch: 'amd64', os.version: '10.0', java.version: '21.0.10'
Driver info: org.openqa.selenium.chrome.ChromeDriver
Command: [eac57feb3ea924663870c202de26e555, findElement {value=//button[normalize-space()='Login'], using=xpath}]
Capabilities {acceptInsecureCerts: false, browserName: chrome, browserVersion: 151.0.7922.72, chrome: {chromedriverVersion: 151.0.7922.71 (ef35003457e9..., userDataDir: C:\Users\UNTHIN~1\AppData\L...}, fedcm:accounts: true, goog:chromeOptions: {debuggerAddress: localhost:62803}, goog:processID: 16668, networkConnectionEnabled: false, pageLoadStrategy: normal, platformName: windows, proxy: Proxy(), se:cdp: ws://localhost:62803/devtoo..., se:cdpVersion: 151.0.7922.72, setWindowRect: true, strictFileInteractability: false, timeouts: {implicit: 0, pageLoad: 300000, script: 30000}, unhandledPromptBehavior: dismiss and notify, webauthn:extension:credBlob: true, webauthn:extension:largeBlob: true, webauthn:extension:minPinLength: true, webauthn:extension:prf: true, webauthn:virtualAuthenticators: true}
Session ID: eac57feb3ea924663870c202de26e555
2026-07-31 19:39:20 [main] INFO  BaseClass - WebDriver instance is closed
2026-07-31 19:39:21 [main] INFO  BaseClass - Chromedriver instance is created
2026-08-01 18:17:29 [main] INFO  BaseClass - config.properties file loaded
2026-08-01 18:17:32 [main] INFO  BaseClass - Chromedriver instance is created
2026-08-01 18:20:34 [main] INFO  BaseClass - Webdriver initialized and browser maximized
2026-08-01 18:20:34 [main] TRACE BaseClass - This is a trace message
2026-08-01 18:20:34 [main] WARN  BaseClass - This is a warn message
2026-08-01 18:20:34 [main] DEBUG BaseClass - This is a debug message
2026-08-01 18:20:34 [main] INFO  ActionDriver - WebDriver initialized
2026-08-01 18:20:34 [main] INFO  BaseClass - ActionDriver instance is initialized 1
2026-08-01 18:20:47 [main] INFO  ActionDriver - Entered text on: Element with name: username Admin
2026-08-01 18:20:47 [main] INFO  ActionDriver - Entered text on: Element with name: password admin123
2026-08-01 18:21:18 [main] INFO  ActionDriver - Element clicked
2026-08-01 18:21:18 [main] INFO  ActionDriver - clicked an element--->Element with text: Login
2026-08-01 18:21:22 [main] INFO  BaseClass - WebDriver instance is closed
2026-08-01 18:21:23 [main] INFO  BaseClass - Chromedriver instance is created
2026-08-01 18:21:32 [main] INFO  BaseClass - Webdriver initialized and browser maximized
2026-08-01 18:21:32 [main] TRACE BaseClass - This is a trace message
2026-08-01 18:21:32 [main] WARN  BaseClass - This is a warn message
2026-08-01 18:21:32 [main] DEBUG BaseClass - This is a debug message
2026-08-01 18:21:32 [main] INFO  ActionDriver - WebDriver initialized
2026-08-01 18:21:32 [main] INFO  BaseClass - ActionDriver instance is initialized 1
2026-08-01 18:21:32 [main] INFO  ActionDriver - Entered text on: Element with name: username Adm
2026-08-01 18:21:32 [main] INFO  ActionDriver - Entered text on: Element with name: password admin123
2026-08-01 18:21:33 [main] INFO  ActionDriver - Element clicked
2026-08-01 18:21:33 [main] INFO  ActionDriver - clicked an element--->Element with text: Login
2026-08-01 18:22:15 [main] INFO  BaseClass - WebDriver instance is closed
2026-08-01 18:34:02 [main] INFO  BaseClass - config.properties file loaded
2026-08-01 18:34:07 [TestNG-tests-1] INFO  BaseClass - FirefoxDriver instance is created
2026-08-01 18:34:16 [TestNG-tests-1] INFO  BaseClass - Webdriver initialized and browser maximized
2026-08-01 18:34:16 [TestNG-tests-1] TRACE BaseClass - This is a trace message
2026-08-01 18:34:16 [TestNG-tests-1] WARN  BaseClass - This is a warn message
2026-08-01 18:34:16 [TestNG-tests-1] DEBUG BaseClass - This is a debug message
2026-08-01 18:34:16 [TestNG-tests-1] INFO  ActionDriver - WebDriver initialized
2026-08-01 18:34:16 [TestNG-tests-1] INFO  BaseClass - ActionDriver instance is initialized 36
2026-08-01 18:34:16 [TestNG-tests-1] INFO  ActionDriver - Entered text on: Element with name: username Adm
2026-08-01 18:34:16 [TestNG-tests-1] INFO  ActionDriver - Entered text on: Element with name: password admin123
2026-08-01 18:34:18 [TestNG-tests-1] INFO  ActionDriver - Element clicked
2026-08-01 18:34:18 [TestNG-tests-1] INFO  ActionDriver - clicked an element--->Element with text: Login
2026-08-01 18:35:00 [TestNG-tests-1] INFO  BaseClass - WebDriver instance is closed
