2026-06-11 16:10:41 [main] ERROR BaseClass - This is an error message
2026-06-11 16:10:41 [main] FATAL BaseClass - This is a fatal message
2026-06-11 16:10:59 [main] ERROR BaseClass - This is an error message
2026-06-11 16:10:59 [main] FATAL BaseClass - This is a fatal message
2026-06-15 10:15:18 [main] ERROR BaseClass - This is an error message
2026-06-15 10:15:18 [main] FATAL BaseClass - This is a fatal message
2026-06-15 10:15:35 [main] ERROR BaseClass - This is an error message
2026-06-15 10:15:35 [main] FATAL BaseClass - This is a fatal message
2026-06-18 10:19:14 [main] ERROR BaseClass - This is an error message
2026-06-18 10:19:14 [main] FATAL BaseClass - This is a fatal message
2026-06-18 10:19:55 [main] ERROR BaseClass - This is an error message
2026-06-18 10:19:55 [main] FATAL BaseClass - This is a fatal message
2026-06-18 10:20:26 [main] ERROR BaseClass - This is an error message
2026-06-18 10:20:26 [main] FATAL BaseClass - This is a fatal message
2026-06-18 22:59:06 [main] ERROR BaseClass - This is an error message
2026-06-18 22:59:06 [main] FATAL BaseClass - This is a fatal message
2026-06-18 23:18:51 [main] ERROR BaseClass - This is an error message
2026-06-18 23:18:51 [main] FATAL BaseClass - This is a fatal message
2026-06-26 22:57:48 [TestNG-test-OrangeHRMTest-3] ERROR BaseClass - This is an error message
2026-06-26 22:57:48 [TestNG-test-OrangeHRMTest-3] FATAL BaseClass - This is a fatal message
2026-06-26 22:57:48 [TestNG-test-OrangeHRMTest-1] ERROR BaseClass - This is an error message
2026-06-26 22:57:48 [TestNG-test-OrangeHRMTest-1] FATAL BaseClass - This is a fatal message
2026-06-26 22:57:50 [TestNG-test-OrangeHRMTest-2] ERROR BaseClass - This is an error message
2026-06-26 22:57:50 [TestNG-test-OrangeHRMTest-2] FATAL BaseClass - This is a fatal message
2026-06-26 22:58:09 [TestNG-test-OrangeHRMTest-2] ERROR BaseClass - This is an error message
2026-06-26 22:58:09 [TestNG-test-OrangeHRMTest-2] FATAL BaseClass - This is a fatal message
2026-06-27 23:37:57 [TestNG-test-OrangeHRMTest-1] ERROR BaseClass - This is an error message
2026-06-27 23:37:57 [TestNG-test-OrangeHRMTest-1] FATAL BaseClass - This is a fatal message
2026-06-27 23:37:57 [TestNG-test-OrangeHRMTest-3] ERROR BaseClass - This is an error message
2026-06-27 23:37:57 [TestNG-test-OrangeHRMTest-3] FATAL BaseClass - This is a fatal message
2026-06-27 23:37:58 [TestNG-test-OrangeHRMTest-4] ERROR BaseClass - This is an error message
2026-06-27 23:37:58 [TestNG-test-OrangeHRMTest-4] FATAL BaseClass - This is a fatal message
2026-06-27 23:38:07 [TestNG-test-OrangeHRMTest-2] ERROR BaseClass - This is an error message
2026-06-27 23:38:07 [TestNG-test-OrangeHRMTest-2] FATAL BaseClass - This is a fatal message
2026-06-27 23:40:39 [TestNG-test-OrangeHRMTest-3] ERROR BaseClass - This is an error message
2026-06-27 23:40:39 [TestNG-test-OrangeHRMTest-3] FATAL BaseClass - This is a fatal message
2026-06-27 23:40:40 [TestNG-test-OrangeHRMTest-4] ERROR BaseClass - This is an error message
2026-06-27 23:40:40 [TestNG-test-OrangeHRMTest-4] FATAL BaseClass - This is a fatal message
2026-06-27 23:40:40 [TestNG-test-OrangeHRMTest-1] ERROR BaseClass - This is an error message
2026-06-27 23:40:40 [TestNG-test-OrangeHRMTest-1] FATAL BaseClass - This is a fatal message
2026-06-27 23:41:10 [TestNG-test-OrangeHRMTest-2] ERROR BaseClass - This is an error message
2026-06-27 23:41:10 [TestNG-test-OrangeHRMTest-2] FATAL BaseClass - This is a fatal message
2026-06-27 23:41:51 [TestNG-test-OrangeHRMTest-2] ERROR ActionDriver - Unable to enter text no such element: Unable to locate element: {"method":"css selector","selector":"*[name='username']"}
  (Session info: chrome=149.0.7827.201)
For documentation on this error, please visit: https://www.selenium.dev/documentation/webdriver/troubleshooting/errors#nosuchelementexception
Build info: version: '4.39.0', revision: '126f156aee'
System info: os.name: 'Windows 11', os.arch: 'amd64', os.version: '10.0', java.version: '21.0.10'
Driver info: org.openqa.selenium.chrome.ChromeDriver
Command: [31661471469936409ab892d2c5f1b3d4, findElement {value=username, using=name}]
Capabilities {acceptInsecureCerts: false, browserName: chrome, browserVersion: 149.0.7827.201, chrome: {chromedriverVersion: 149.0.7827.155 (07b52360cc1..., userDataDir: C:\Users\UNTHIN~1\AppData\L...}, fedcm:accounts: true, goog:chromeOptions: {debuggerAddress: localhost:59768}, goog:processID: 8316, networkConnectionEnabled: false, pageLoadStrategy: normal, platformName: windows, proxy: Proxy(), se:cdp: ws://localhost:59768/devtoo..., se:cdpVersion: 149.0.7827.201, setWindowRect: true, strictFileInteractability: false, timeouts: {implicit: 0, pageLoad: 300000, script: 30000}, unhandledPromptBehavior: dismiss and notify, webauthn:extension:credBlob: true, webauthn:extension:largeBlob: true, webauthn:extension:minPinLength: true, webauthn:extension:prf: true, webauthn:virtualAuthenticators: true}
Session ID: 31661471469936409ab892d2c5f1b3d4
2026-06-27 23:42:32 [TestNG-test-OrangeHRMTest-2] ERROR ActionDriver - Unable to enter text no such element: Unable to locate element: {"method":"css selector","selector":"input[type='password']"}
  (Session info: chrome=149.0.7827.201)
For documentation on this error, please visit: https://www.selenium.dev/documentation/webdriver/troubleshooting/errors#nosuchelementexception
Build info: version: '4.39.0', revision: '126f156aee'
System info: os.name: 'Windows 11', os.arch: 'amd64', os.version: '10.0', java.version: '21.0.10'
Driver info: org.openqa.selenium.chrome.ChromeDriver
Command: [31661471469936409ab892d2c5f1b3d4, findElement {value=input[type='password'], using=css selector}]
Capabilities {acceptInsecureCerts: false, browserName: chrome, browserVersion: 149.0.7827.201, chrome: {chromedriverVersion: 149.0.7827.155 (07b52360cc1..., userDataDir: C:\Users\UNTHIN~1\AppData\L...}, fedcm:accounts: true, goog:chromeOptions: {debuggerAddress: localhost:59768}, goog:processID: 8316, networkConnectionEnabled: false, pageLoadStrategy: normal, platformName: windows, proxy: Proxy(), se:cdp: ws://localhost:59768/devtoo..., se:cdpVersion: 149.0.7827.201, setWindowRect: true, strictFileInteractability: false, timeouts: {implicit: 0, pageLoad: 300000, script: 30000}, unhandledPromptBehavior: dismiss and notify, webauthn:extension:credBlob: true, webauthn:extension:largeBlob: true, webauthn:extension:minPinLength: true, webauthn:extension:prf: true, webauthn:virtualAuthenticators: true}
Session ID: 31661471469936409ab892d2c5f1b3d4
2026-06-27 23:42:41 [TestNG-test-OrangeHRMTest-2] ERROR ActionDriver - Unable to determine element descriptioninvalid session id: session deleted as the browser has closed the connection
from disconnected: unable to send message to renderer
  (Session info: chrome=149.0.7827.201)
Build info: version: '4.39.0', revision: '126f156aee'
System info: os.name: 'Windows 11', os.arch: 'amd64', os.version: '10.0', java.version: '21.0.10'
Driver info: org.openqa.selenium.chrome.ChromeDriver
Command: [31661471469936409ab892d2c5f1b3d4, findElement {value=//button[normalize-space()='Login'], using=xpath}]
Capabilities {acceptInsecureCerts: false, browserName: chrome, browserVersion: 149.0.7827.201, chrome: {chromedriverVersion: 149.0.7827.155 (07b52360cc1..., userDataDir: C:\Users\UNTHIN~1\AppData\L...}, fedcm:accounts: true, goog:chromeOptions: {debuggerAddress: localhost:59768}, goog:processID: 8316, networkConnectionEnabled: false, pageLoadStrategy: normal, platformName: windows, proxy: Proxy(), se:cdp: ws://localhost:59768/devtoo..., se:cdpVersion: 149.0.7827.201, setWindowRect: true, strictFileInteractability: false, timeouts: {implicit: 0, pageLoad: 300000, script: 30000}, unhandledPromptBehavior: dismiss and notify, webauthn:extension:credBlob: true, webauthn:extension:largeBlob: true, webauthn:extension:minPinLength: true, webauthn:extension:prf: true, webauthn:virtualAuthenticators: true}
Session ID: 31661471469936409ab892d2c5f1b3d4
2026-06-27 23:43:23 [TestNG-test-OrangeHRMTest-4] ERROR BaseClass - This is an error message
2026-06-27 23:43:23 [TestNG-test-OrangeHRMTest-4] FATAL BaseClass - This is a fatal message
2026-06-27 23:43:24 [TestNG-test-OrangeHRMTest-1] ERROR BaseClass - This is an error message
2026-06-27 23:43:24 [TestNG-test-OrangeHRMTest-1] FATAL BaseClass - This is a fatal message
2026-06-27 23:43:25 [TestNG-test-OrangeHRMTest-2] ERROR BaseClass - This is an error message
2026-06-27 23:43:25 [TestNG-test-OrangeHRMTest-2] FATAL BaseClass - This is a fatal message
2026-06-27 23:43:34 [TestNG-test-OrangeHRMTest-3] ERROR BaseClass - This is an error message
2026-06-27 23:43:34 [TestNG-test-OrangeHRMTest-3] FATAL BaseClass - This is a fatal message
2026-07-01 14:57:37 [main] ERROR BaseClass - This is an error message
2026-07-01 14:57:37 [main] FATAL BaseClass - This is a fatal message
2026-07-01 14:57:55 [main] ERROR BaseClass - This is an error message
2026-07-01 14:57:55 [main] FATAL BaseClass - This is a fatal message
2026-07-01 14:58:11 [main] ERROR BaseClass - This is an error message
2026-07-01 14:58:11 [main] FATAL BaseClass - This is a fatal message
2026-07-31 19:32:29 [main] ERROR BaseClass - This is an error message
2026-07-31 19:32:29 [main] FATAL BaseClass - This is a fatal message
2026-07-31 19:34:07 [main] ERROR BaseClass - This is an error message
2026-07-31 19:34:07 [main] FATAL BaseClass - This is a fatal message
2026-07-31 19:34:48 [main] ERROR ActionDriver - Unable to enter text no such element: Unable to locate element: {"method":"css selector","selector":"*[name='username']"}
  (Session info: chrome=151.0.7922.72)
For documentation on this error, please visit: https://www.selenium.dev/documentation/webdriver/troubleshooting/errors#nosuchelementexception
Build info: version: '4.39.0', revision: '126f156aee'
System info: os.name: 'Windows 11', os.arch: 'amd64', os.version: '10.0', java.version: '21.0.10'
Driver info: org.openqa.selenium.chrome.ChromeDriver
Command: [06308982eda6b140ad0a907b351abf0d, findElement {using=name, value=username}]
Capabilities {acceptInsecureCerts: false, browserName: chrome, browserVersion: 151.0.7922.72, chrome: {chromedriverVersion: 151.0.7922.71 (ef35003457e9..., userDataDir: C:\Users\UNTHIN~1\AppData\L...}, fedcm:accounts: true, goog:chromeOptions: {debuggerAddress: localhost:54427}, goog:processID: 23060, networkConnectionEnabled: false, pageLoadStrategy: normal, platformName: windows, proxy: Proxy(), se:cdp: ws://localhost:54427/devtoo..., se:cdpVersion: 151.0.7922.72, setWindowRect: true, strictFileInteractability: false, timeouts: {implicit: 0, pageLoad: 300000, script: 30000}, unhandledPromptBehavior: dismiss and notify, webauthn:extension:credBlob: true, webauthn:extension:largeBlob: true, webauthn:extension:minPinLength: true, webauthn:extension:prf: true, webauthn:virtualAuthenticators: true}
Session ID: 06308982eda6b140ad0a907b351abf0d
2026-07-31 19:35:29 [main] ERROR ActionDriver - Unable to enter text no such element: Unable to locate element: {"method":"css selector","selector":"input[type='password']"}
  (Session info: chrome=151.0.7922.72)
For documentation on this error, please visit: https://www.selenium.dev/documentation/webdriver/troubleshooting/errors#nosuchelementexception
Build info: version: '4.39.0', revision: '126f156aee'
System info: os.name: 'Windows 11', os.arch: 'amd64', os.version: '10.0', java.version: '21.0.10'
Driver info: org.openqa.selenium.chrome.ChromeDriver
Command: [06308982eda6b140ad0a907b351abf0d, findElement {using=css selector, value=input[type='password']}]
Capabilities {acceptInsecureCerts: false, browserName: chrome, browserVersion: 151.0.7922.72, chrome: {chromedriverVersion: 151.0.7922.71 (ef35003457e9..., userDataDir: C:\Users\UNTHIN~1\AppData\L...}, fedcm:accounts: true, goog:chromeOptions: {debuggerAddress: localhost:54427}, goog:processID: 23060, networkConnectionEnabled: false, pageLoadStrategy: normal, platformName: windows, proxy: Proxy(), se:cdp: ws://localhost:54427/devtoo..., se:cdpVersion: 151.0.7922.72, setWindowRect: true, strictFileInteractability: false, timeouts: {implicit: 0, pageLoad: 300000, script: 30000}, unhandledPromptBehavior: dismiss and notify, webauthn:extension:credBlob: true, webauthn:extension:largeBlob: true, webauthn:extension:minPinLength: true, webauthn:extension:prf: true, webauthn:virtualAuthenticators: true}
Session ID: 06308982eda6b140ad0a907b351abf0d
2026-07-31 19:35:39 [main] ERROR ActionDriver - Unable to determine element descriptionno such element: Unable to locate element: {"method":"xpath","selector":"//button[normalize-space()='Login']"}
  (Session info: chrome=151.0.7922.72)
For documentation on this error, please visit: https://www.selenium.dev/documentation/webdriver/troubleshooting/errors#nosuchelementexception
Build info: version: '4.39.0', revision: '126f156aee'
System info: os.name: 'Windows 11', os.arch: 'amd64', os.version: '10.0', java.version: '21.0.10'
Driver info: org.openqa.selenium.chrome.ChromeDriver
Command: [06308982eda6b140ad0a907b351abf0d, findElement {using=xpath, value=//button[normalize-space()='Login']}]
Capabilities {acceptInsecureCerts: false, browserName: chrome, browserVersion: 151.0.7922.72, chrome: {chromedriverVersion: 151.0.7922.71 (ef35003457e9..., userDataDir: C:\Users\UNTHIN~1\AppData\L...}, fedcm:accounts: true, goog:chromeOptions: {debuggerAddress: localhost:54427}, goog:processID: 23060, networkConnectionEnabled: false, pageLoadStrategy: normal, platformName: windows, proxy: Proxy(), se:cdp: ws://localhost:54427/devtoo..., se:cdpVersion: 151.0.7922.72, setWindowRect: true, strictFileInteractability: false, timeouts: {implicit: 0, pageLoad: 300000, script: 30000}, unhandledPromptBehavior: dismiss and notify, webauthn:extension:credBlob: true, webauthn:extension:largeBlob: true, webauthn:extension:minPinLength: true, webauthn:extension:prf: true, webauthn:virtualAuthenticators: true}
Session ID: 06308982eda6b140ad0a907b351abf0d
2026-07-31 19:39:07 [main] ERROR BaseClass - This is an error message
2026-07-31 19:39:07 [main] FATAL BaseClass - This is a fatal message
2026-07-31 19:39:20 [main] ERROR ActionDriver - Unable to enter text invalid session id
Build info: version: '4.39.0', revision: '126f156aee'
System info: os.name: 'Windows 11', os.arch: 'amd64', os.version: '10.0', java.version: '21.0.10'
Driver info: org.openqa.selenium.chrome.ChromeDriver
Command: [eac57feb3ea924663870c202de26e555, findElement {value=username, using=name}]
Capabilities {acceptInsecureCerts: false, browserName: chrome, browserVersion: 151.0.7922.72, chrome: {chromedriverVersion: 151.0.7922.71 (ef35003457e9..., userDataDir: C:\Users\UNTHIN~1\AppData\L...}, fedcm:accounts: true, goog:chromeOptions: {debuggerAddress: localhost:62803}, goog:processID: 16668, networkConnectionEnabled: false, pageLoadStrategy: normal, platformName: windows, proxy: Proxy(), se:cdp: ws://localhost:62803/devtoo..., se:cdpVersion: 151.0.7922.72, setWindowRect: true, strictFileInteractability: false, timeouts: {implicit: 0, pageLoad: 300000, script: 30000}, unhandledPromptBehavior: dismiss and notify, webauthn:extension:credBlob: true, webauthn:extension:largeBlob: true, webauthn:extension:minPinLength: true, webauthn:extension:prf: true, webauthn:virtualAuthenticators: true}
Session ID: eac57feb3ea924663870c202de26e555
2026-07-31 19:39:20 [main] ERROR ActionDriver - Unable to enter text invalid session id
Build info: version: '4.39.0', revision: '126f156aee'
System info: os.name: 'Windows 11', os.arch: 'amd64', os.version: '10.0', java.version: '21.0.10'
Driver info: org.openqa.selenium.chrome.ChromeDriver
Command: [eac57feb3ea924663870c202de26e555, findElement {value=input[type='password'], using=css selector}]
Capabilities {acceptInsecureCerts: false, browserName: chrome, browserVersion: 151.0.7922.72, chrome: {chromedriverVersion: 151.0.7922.71 (ef35003457e9..., userDataDir: C:\Users\UNTHIN~1\AppData\L...}, fedcm:accounts: true, goog:chromeOptions: {debuggerAddress: localhost:62803}, goog:processID: 16668, networkConnectionEnabled: false, pageLoadStrategy: normal, platformName: windows, proxy: Proxy(), se:cdp: ws://localhost:62803/devtoo..., se:cdpVersion: 151.0.7922.72, setWindowRect: true, strictFileInteractability: false, timeouts: {implicit: 0, pageLoad: 300000, script: 30000}, unhandledPromptBehavior: dismiss and notify, webauthn:extension:credBlob: true, webauthn:extension:largeBlob: true, webauthn:extension:minPinLength: true, webauthn:extension:prf: true, webauthn:virtualAuthenticators: true}
Session ID: eac57feb3ea924663870c202de26e555
2026-07-31 19:39:20 [main] ERROR ActionDriver - Unable to determine element descriptioninvalid session id
Build info: version: '4.39.0', revision: '126f156aee'
System info: os.name: 'Windows 11', os.arch: 'amd64', os.version: '10.0', java.version: '21.0.10'
Driver info: org.openqa.selenium.chrome.ChromeDriver
Command: [eac57feb3ea924663870c202de26e555, findElement {value=//button[normalize-space()='Login'], using=xpath}]
Capabilities {acceptInsecureCerts: false, browserName: chrome, browserVersion: 151.0.7922.72, chrome: {chromedriverVersion: 151.0.7922.71 (ef35003457e9..., userDataDir: C:\Users\UNTHIN~1\AppData\L...}, fedcm:accounts: true, goog:chromeOptions: {debuggerAddress: localhost:62803}, goog:processID: 16668, networkConnectionEnabled: false, pageLoadStrategy: normal, platformName: windows, proxy: Proxy(), se:cdp: ws://localhost:62803/devtoo..., se:cdpVersion: 151.0.7922.72, setWindowRect: true, strictFileInteractability: false, timeouts: {implicit: 0, pageLoad: 300000, script: 30000}, unhandledPromptBehavior: dismiss and notify, webauthn:extension:credBlob: true, webauthn:extension:largeBlob: true, webauthn:extension:minPinLength: true, webauthn:extension:prf: true, webauthn:virtualAuthenticators: true}
Session ID: eac57feb3ea924663870c202de26e555
2026-08-01 18:20:34 [main] ERROR BaseClass - This is an error message
2026-08-01 18:20:34 [main] FATAL BaseClass - This is a fatal message
2026-08-01 18:21:32 [main] ERROR BaseClass - This is an error message
2026-08-01 18:21:32 [main] FATAL BaseClass - This is a fatal message
2026-08-01 18:34:16 [TestNG-tests-1] ERROR BaseClass - This is an error message
2026-08-01 18:34:16 [TestNG-tests-1] FATAL BaseClass - This is a fatal message
